[notes.muskanvaswan.xyz/favicon/favicon-32x32.png]
[notes.muskanvaswan.xyz/favicon/favicon-16x16.png]
[notes.muskanvaswan.xyz/favicon/favicon.ico]
[backblue.gif]
[fade.gif]
[index.html]
[notes.muskanvaswan.xyz/index.html]
[notes.muskanvaswan.xyz/_next/static/chunks/0925hwcv8u0gd.css]
[notes.muskanvaswan.xyz/_next/static/chunks/1i2op41c3atgy.css]
[notes.muskanvaswan.xyz/_next/static/chunks/04zemxk8snm6i.js]
[notes.muskanvaswan.xyz/_next/static/chunks/07-hzktxqjvzd.js]
[notes.muskanvaswan.xyz/_next/static/chunks/3jifxd7sgcxkf.js]
[notes.muskanvaswan.xyz/_next/static/chunks/11oof8oxnxiv9.js]
[notes.muskanvaswan.xyz/_next/static/chunks/turbopack-0q9ukw__9nhmr.js]
[notes.muskanvaswan.xyz/_next/static/chunks/05-c3ty_6dwfk.js]
[notes.muskanvaswan.xyz/_next/static/chunks/2im7c515bo69p.js]
[notes.muskanvaswan.xyz/_next/static/chunks/41zzj2qk7sdxg.js]
[notes.muskanvaswan.xyz/_next/static/chunks/1_psmsuugwfgq.js]
[notes.muskanvaswan.xyz/favicon/favicon.svg]
[notes.muskanvaswan.xyz/_next/static/chunks/0cz1d0mv5g_q7.js]
[notes.muskanvaswan.xyz/posts/collectors-and-consumers.html]
[notes.muskanvaswan.xyz/posts/love-should-be-taken-for-granted.html]
[notes.muskanvaswan.xyz/posts/h-media-s-noble-cause-cure-for-loneliness.html]
[notes.muskanvaswan.xyz/posts/my-love-will-matter.html]
[notes.muskanvaswan.xyz/posts/destiny-randomness-and-algorithms.html]
[notes.muskanvaswan.xyz/assets/wallpaper.svg]
[notes.muskanvaswan.xyz/ROOT/node_modules/next/dist/compiled/process/index.html]
[notes.muskanvaswan.xyz/$&/index.html]
[notes.muskanvaswan.xyz/404]
[notes.muskanvaswan.xyz/404-2]
[notes.muskanvaswan.xyz/_next/index.html]
[notes.muskanvaswan.xyz/404-3]
[notes.muskanvaswan.xyz/static/chunks/404]
[notes.muskanvaswan.xyz/static/chunks/404-2]
[notes.muskanvaswan.xyz/404-4]
[vercel.live/_next-live/feedback/feedback.js]
[notes.muskanvaswan.xyz/ROOT/node_modules/next/dist/compiled/404]
[notes.muskanvaswan.xyz/404-5]
[notes.muskanvaswan.xyz/moz-extension_/index.html]
[notes.muskanvaswan.xyz/safari-extension_/index.html]
[notes.muskanvaswan.xyz/safari-web-extension_/index.html]
[notes.muskanvaswan.xyz/ms-browser-extension_/index.html]
[notes.muskanvaswan.xyz/webkit-masked-url_/index.html]
[notes.muskanvaswan.xyz/404-6]
[notes.muskanvaswan.xyz/_next/static/chunks/not-found.txt]
[notes.muskanvaswan.xyz/_next-live/feedback/404fc2c]
[notes.muskanvaswan.xyz/_next/static/chunks/not-found-2.txt]
[notes.muskanvaswan.xyz/_next/static/chunks/not-found-3.txt]
[notes.muskanvaswan.xyz/_next/static/chunks/not-found-4.txt]
[notes.muskanvaswan.xyz/404-7]
[notes.muskanvaswan.xyz/404-8]
[notes.muskanvaswan.xyz/404-9]
[notes.muskanvaswan.xyz/404-10]
[notes.muskanvaswan.xyz/404-11]
